MixedVolterra.lean:30:0: warning: automatically included section variable(s) unused in theorem `MixedVolterra.kernel_bound`:
  [TopologicalSpace α]
  [OrderTopology α]
  [FirstCountableTopology α]
  [MeasurableSpace α]
  [BorelSpace α]
consider restructuring your `variable` declarations so that the variables are not in scope or explicitly omit them:
  omit [TopologicalSpace
  α] [OrderTopology α] [FirstCountableTopology α] [MeasurableSpace α] [BorelSpace α] in theorem ...

Note: This linter can be disabled with `set_option linter.unusedSectionVars false`
MixedVolterra.lean:48:0: warning: automatically included section variable(s) unused in theorem `MixedVolterra.kernel_measurable`:
  [FirstCountableTopology α]
consider restructuring your `variable` declarations so that the variables are not in scope or explicitly omit them:
  omit [FirstCountableTopology α] in theorem ...

Note: This linter can be disabled with `set_option linter.unusedSectionVars false`
MixedVolterra.lean:58:0: warning: automatically included section variable(s) unused in theorem `MixedVolterra.kernel_continuousAt`:
  [FirstCountableTopology α]
  [MeasurableSpace α]
  [BorelSpace α]
consider restructuring your `variable` declarations so that the variables are not in scope or explicitly omit them:
  omit [FirstCountableTopology α] [MeasurableSpace α] [BorelSpace α] in theorem ...

Note: This linter can be disabled with `set_option linter.unusedSectionVars false`
MixedVolterra.lean:106:0: warning: automatically included section variable(s) unused in theorem `MixedVolterra.integrand_measurable`:
  [NullSingletonClass μ]
consider restructuring your `variable` declarations so that the variables are not in scope or explicitly omit them:
  omit [NullSingletonClass μ] in theorem ...

Note: This linter can be disabled with `set_option linter.unusedSectionVars false`
MixedVolterra.lean:134:0: warning: automatically included section variable(s) unused in theorem `MixedVolterra.integralVector_bound`:
  [NullSingletonClass μ]
  hq
  hR
consider restructuring your `variable` declarations so that the variables are not in scope or explicitly omit them:
  omit [NullSingletonClass μ] hq hR in theorem ...

Note: This linter can be disabled with `set_option linter.unusedSectionVars false`
MixedVolterra.lean:196:0: warning: automatically included section variable(s) unused in theorem `MixedVolterra.forward_kernel_tendsto_zero`:
  [TopologicalSpace α]
  [OrderTopology α]
  [FirstCountableTopology α]
  [MeasurableSpace α]
  [BorelSpace α]
consider restructuring your `variable` declarations so that the variables are not in scope or explicitly omit them:
  omit [TopologicalSpace
  α] [OrderTopology α] [FirstCountableTopology α] [MeasurableSpace α] [BorelSpace α] in theorem ...

Note: This linter can be disabled with `set_option linter.unusedSectionVars false`
MixedVolterra.lean:212:0: warning: automatically included section variable(s) unused in theorem `MixedVolterra.backward_kernel_tendsto_zero`:
  [TopologicalSpace α]
  [OrderTopology α]
  [FirstCountableTopology α]
  [MeasurableSpace α]
  [BorelSpace α]
consider restructuring your `variable` declarations so that the variables are not in scope or explicitly omit them:
  omit [TopologicalSpace
  α] [OrderTopology α] [FirstCountableTopology α] [MeasurableSpace α] [BorelSpace α] in theorem ...

Note: This linter can be disabled with `set_option linter.unusedSectionVars false`
'MixedVolterra.kernel_bound' depends on axioms: [propext, Classical.choice, Quot.sound]
'MixedVolterra.kernel_measurable' depends on axioms: [propext, Classical.choice, Quot.sound]
'MixedVolterra.kernel_continuousAt' depends on axioms: [propext, Classical.choice, Quot.sound]
'MixedVolterra.integrand_bound' depends on axioms: [propext, Classical.choice, Quot.sound]
'MixedVolterra.integrand_measurable' depends on axioms: [propext, Classical.choice, Quot.sound]
'MixedVolterra.integrand_integrable' depends on axioms: [propext, Classical.choice, Quot.sound]
'MixedVolterra.integralVector_continuous' depends on axioms: [propext, Classical.choice, Quot.sound]
'MixedVolterra.integralVector_bound' depends on axioms: [propext, Classical.choice, Quot.sound]
'MixedVolterra.integralVector_sub' depends on axioms: [propext, Classical.choice, Quot.sound]
'MixedVolterra.integralOperator_lipschitz' depends on axioms: [propext, Classical.choice, Quot.sound]
'MixedVolterra.exists_unique_fixed_point' depends on axioms: [propext, Classical.choice, Quot.sound]
'MixedVolterra.forward_kernel_tendsto_zero' depends on axioms: [propext, Classical.choice, Quot.sound]
'MixedVolterra.backward_kernel_tendsto_zero' depends on axioms: [propext, Classical.choice, Quot.sound]
'MixedVolterra.integralVector_tendsto_zero' depends on axioms: [propext, Classical.choice, Quot.sound]
'MixedVolterra.fixed_point_tendsto' depends on axioms: [propext, Classical.choice, Quot.sound]
