'WasowPencilReduction.right_mul_inverse' depends on axioms: [propext, Classical.choice, Quot.sound]
'WasowPencilReduction.inverse_mul_right' depends on axioms: [propext, Classical.choice, Quot.sound]
'WasowPencilReduction.row_mul_inverse' depends on axioms: [propext, Classical.choice, Quot.sound]
'WasowPencilReduction.inverse_mul_row' depends on axioms: [propext, Classical.choice, Quot.sound]
'WasowPencilReduction.pencil_mulVec_top' depends on axioms: [propext, Classical.choice, Quot.sound]
'WasowPencilReduction.column_zero' depends on axioms: [propext, Classical.choice, Quot.sound]
'WasowPencilReduction.column_succ' depends on axioms: [propext, Classical.choice, Quot.sound]
'WasowPencilReduction.column_single_right' depends on axioms: [propext, Classical.choice, Quot.sound]
'WasowPencilReduction.column_single_left' depends on axioms: [propext, Classical.choice, Quot.sound]
'WasowPencilReduction.afterColumns_apply' depends on axioms: [propext, Classical.choice, Quot.sound]
'WasowPencilReduction.afterColumns_top_right' depends on axioms: [propext, Classical.choice, Quot.sound]
'WasowPencilReduction.afterColumns_bottom_right' depends on axioms: [propext, Classical.choice, Quot.sound]
'WasowPencilReduction.afterColumns_top_left' depends on axioms: [propext, Classical.choice, Quot.sound]
'WasowPencilReduction.afterColumns_eq' depends on axioms: [propext, Classical.choice, Quot.sound]
'WasowPencilReduction.exists_pencil_reduction' depends on axioms: [propext, Classical.choice, Quot.sound]
'WasowPencilReduction.presentation_offDiagonal' depends on axioms: [propext, Classical.choice, Quot.sound]
'WasowPencilReduction.presentation_diagonal' depends on axioms: [propext, Classical.choice, Quot.sound]
'WasowPencilReduction.presentation_offDiagonal_nonzero_degree' depends on axioms: [propext,
 Classical.choice,
 Quot.sound]
